To load "wouldwork":
  Load 1 ASDF system:
    wouldwork
; Loading "wouldwork"
..................................................
[package alexandria]..............................
[package alexandria-2]............................
[package iterate].................................
[package global-vars].............................
[package trivial-garbage].........................
[package bordeaux-threads]........................
[package bt2].....................................
[package lparallel.util]..........................
[package lparallel.thread-util]...................
[package lparallel.raw-queue].....................
[package lparallel.cons-queue]....................
[package lparallel.vector-queue]..................
[package lparallel.queue].........................
[package lparallel.counter].......................
[package lparallel.spin-queue]....................
[package lparallel.kernel]........................
[package lparallel.kernel-util]...................
[package lparallel.promise].......................
[package lparallel.ptree].........................
[package lparallel.slet]..........................
[package lparallel.defpun]........................
[package lparallel.cognate].......................
[package lparallel]...............................
[package utilities]...............................
[package hstack]..................................
[package wouldwork]...............................
..................................................
....................
Installing object types...
Installing dynamic relations...
Installing CLEARTOP? query-fn...
Installing PUT action...
Creating initial propositional database...
Installing goal.................................
..............................
Initializing...
Optimizing lambda expressions and compiling...
  PUT...
  CLEARTOP?...
  enum relation requires predicates...
  GOAL-FN...


Current parameter settings:
  *PROBLEM-NAME* => BLOCKS3
  *PROBLEM-TYPE* => PLANNING
  *ALGORITHM* => DEPTH-FIRST
  *TREE-OR-GRAPH* => TREE
  *SOLUTION-TYPE* => EVERY
  *DEPTH-CUTOFF* => 3
  *THREADS* => 0
  *RANDOMIZE-SEARCH* => NIL
  *DEBUG* => 0
  *PROBE* => NIL
  *GOAL* => (OR (AND (ON C T) (ON B C) (ON A B)) (AND (ON A T) (ON B A) (ON C B)))
  *SYMMETRY-PRUNING* => NIL
  *PROGRESS-REPORTING-INTERVAL* => 100,000
  *BRANCH* TO EXPLORE => ALL
  HEURISTIC? => NIL
  EXOGENOUS HAPPENINGS => NIL
  BOUNDING FUNCTION? => NIL
  MIN STEPS REMAINING? => NIL


Installing object types...
Installing dynamic relations...
Creating initial propositional database...
Installing CUTOFF-FIRST-STEP action...
Installing CUTOFF-LAST-STEP action...
Installing goal...
Initializing...
Optimizing lambda expressions and compiling...
  CUTOFF-FIRST-STEP...
  CUTOFF-LAST-STEP...
  enum relation requires predicates...
  GOAL-FN...


Current parameter settings:
  *PROBLEM-NAME* => CUTOFF-REPORTING-TEST
  *PROBLEM-TYPE* => PLANNING
  *ALGORITHM* => DEPTH-FIRST
  *TREE-OR-GRAPH* => GRAPH
  *SOLUTION-TYPE* => MIN-LENGTH
  *DEPTH-CUTOFF* => 2
  *THREADS* => 0
  *RANDOMIZE-SEARCH* => NIL
  *DEBUG* => 0
  *PROBE* => NIL
  *GOAL* => (CUTOFF-AT CUTOFF-END)
  *SYMMETRY-PRUNING* => NIL
  *PROGRESS-REPORTING-INTERVAL* => 100,000
  *BRANCH* TO EXPLORE => ALL
  HEURISTIC? => NIL
  EXOGENOUS HAPPENINGS => NIL
  BOUNDING FUNCTION? => NIL
  MIN STEPS REMAINING? => NIL


working...


New path to goal found at depth = 2

In problem CUTOFF-REPORTING-TEST, performed GRAPH search for MIN-LENGTH solution.

DEPTH-FIRST search process completed normally.

Depth cutoff = 2

Maximum depth explored = 2

Program cycles = 2

Total states processed = 3

Repeated states pruned = 0, ie, 0.0 percent

Average branching factor = 1.0

Start state:
((CUTOFF-AT CUTOFF-START))

Goal:
(CUTOFF-AT CUTOFF-END)



Total solution paths recorded = 1, of which 1 is/are unique solution paths
Check *solution-paths* and *unique-solution-states* for solution records.

Number of steps in a minimum path length solution = 2

A minimum length solution path from start state to goal state:
(0.0 (START-STATE))
((CUTOFF-AT CUTOFF-START))

(1.0 (CUTOFF-FIRST-STEP))
((CUTOFF-AT CUTOFF-MIDDLE))

(2.0 (CUTOFF-LAST-STEP))
((CUTOFF-AT CUTOFF-END))


Evaluation took:
  0.000 seconds of real time
  0.000000 seconds of total run time (0.000000 user, 0.000000 system)
  100.00% CPU
  1,911,331 processor cycles
  5,048,720 bytes consed
  
CUTOFF-TALOS-PASSED
  included technology: -apparatus-coordinates
  included technology: -switch
  included technology: -reachability
  included technology: -location-coordinates
  included technology: -segment-geometry
  included technology: -height
  included technology: -elevation
  included technology: -plate-types
  included technology: -interaction-policy
  included technology: -physical-init-checks
  included technology: -support-occupancy
  included technology: -location
  included technology: -position
  included technology: -holding
  included technology: -vertical
  included technology: -reachability-coordinates
  included technology: -recording-shadow-policy
  included technology: -gate
  included technology: reachability
  included technology: -support-elevation
  included technology: -propagation
  included technology: switch
  included technology: -recorder-core
  included technology: -beam-substrate-init-checks
  included technology: -beam-substrate
  included technology: -controls-init-checks
  included technology: -controls
  included technology: -recorder-plate-shadow
  included technology: -recorder-receiver-shadow
  included technology: -recorder-switch-shadow
  included technology: -recorder-controls-shadow
  included technology: -recorder-jamming-shadow
  included technology: -recorder-gate-shadow
  included technology: -recorder-blower-shadow
  included technology: -mobility
  included technology: -recorder-solution
  included technology: -recorder-cycle-boundary
  included technology: -recorder-fork-registry
  included technology: -recorder-session
  included technology: -recorder-cycle-chaining
  included technology: -recorder-init-checks
  included technology: recorder
  included technology: gate
Installing object types...
Installing optional types...
Installing static relations...
Installing optional types...
Installing dynamic relations...
Installing optional types...
Installing object types...
Installing REACHABLE query-fn...
Installing static relations...
Installing optional types...
Installing static relations...
Installing WALL-SEGMENT-RECORDS query-fn...
Installing EDGE-SEGMENT-RECORDS query-fn...
Installing GATE-SEGMENT-RECORDS query-fn...
Installing WINDOW-SEGMENT-RECORDS query-fn...
Installing SCREEN-SEGMENT-RECORDS query-fn...
Installing optional types...
Installing object types...
Installing static relations...
Installing optional types...
Installing object types...
Installing static relations...
Installing optional types...
Installing object types...
Installing OBJECT-MANIPULATION-ALLOWED query-fn...
Installing SUPPORT-USE-ALLOWED query-fn...
Installing SUPPORT-OCCUPANCY-CONFLICT-P query-fn...
Installing CONNECTOR-PAIRING-ALLOWED query-fn...
Installing CONNECTOR-LOCATION-CONFLICT-P query-fn...
Installing object types...
Installing dynamic relations...
Installing SUPPORT-OCCUPIED query-fn...
Installing CLEARTOP query-fn...
Installing object types...
Installing dynamic relations...
Installing object types...
Installing static relations...
Installing object types...
Installing dynamic relations...
Installing optional types...
Installing object types...
Installing BASE query-fn...
Installing FIXED-BASE query-fn...
Installing LOCATION-ELEVATION query-fn...
Installing LOCATION-LEVEL query-fn...
Installing TOP query-fn...
Installing OBJECT-HEIGHT query-fn...
Installing static relations...
Installing REACHABILITY-COORDINATES-TARGET-POINTS query-fn...
Installing REACHABILITY-COORDINATES-SOLID-RECORDS query-fn...
Installing REACHABILITY-COORDINATES-GATE-RECORDS query-fn...
Installing REACHABILITY-COORDINATES-SCREEN-RECORDS query-fn...
Installing REACHABILITY-COORDINATES-AUTHORED query-fn...
Installing REACHABILITY-COORDINATES-EMITTABLE query-fn...
Installing REACHABILITY-COORDINATES-UNUSED-DISALLOWALS query-fn...
Installing DERIVE-REACH-FROM-SEGMENTS init action...
Installing RECORDING-SHADOW-OBJECT query-fn...
Installing RECORDING-SHADOW-OBJECT-PRESENT query-fn...
Installing RECORDING-SHADOW-TURNING query-fn...
Installing RECORDING-SHADOW-GATE-OPEN query-fn...
Installing optional types...
Installing dynamic relations...
Installing GATE-OPEN-FOR-OBJECT query-fn...
Installing REACHABLE query-fn...
Installing REACHABLE-CLEAR query-fn...
Installing optional types...
Installing WITHIN-AGENT-VERTICAL-REACH query-fn...
Installing WITHIN-AGENT-PLACEMENT-REACH query-fn...
Installing PROPAGATE-CHANGES! update-fn...
Installing PROPAGATE-CONSEQUENCES! update-fn...
Installing optional types...
Installing static relations...
Installing dynamic relations...
Installing LIVE-RECORDING-OBJECT query-fn...
Installing GHOST-RECORDING-OBJECT query-fn...
Installing RECORDING-SHADOW-VIEW-OBJECT query-fn...
Installing SAME-RECORDING-SIDE query-fn...
Installing RECORDER-CYCLE-COUNT query-fn...
Installing RECORDING-SHADOW-OBJECT query-fn...
Installing RECORDING-SHADOW-OBJECT-PRESENT query-fn...
Installing OBJECT-MANIPULATION-ALLOWED query-fn...
Installing SUPPORT-USE-ALLOWED query-fn...
Installing SUPPORT-OCCUPANCY-CONFLICT-P query-fn...
Installing CONNECTOR-PAIRING-ALLOWED query-fn...
Installing CONNECTOR-LOCATION-CONFLICT-P query-fn...
Installing optional types...
Installing object types...
Installing dynamic relations...
Installing static relations...
Installing UPDATE-RECEIVER-STATUS! update-fn...
Installing BEAM-REACHES-RECEIVER query-fn...
Installing RECORDING-SHADOW-BEAM-REACHES-RECEIVER query-fn...
Installing BEAM-LIVE-FOR-CUTTING query-fn...
Installing DIRECT-BEAM-REACHES-RECEIVER query-fn...
Installing RELAY-BEAM-REACHES-RECEIVER query-fn...
Installing RECORDING-SHADOW-DIRECT-BEAM-REACHES-RECEIVER query-fn...
Installing RECORDING-SHADOW-RELAY-BEAM-REACHES-RECEIVER query-fn...
Installing DIRECT-BEAM-LIVE-FOR-CUTTING query-fn...
Installing RELAY-BEAM-LIVE-FOR-CUTTING query-fn...
Installing BEAM-CUT query-fn...
Installing BEAM-CUT-IN query-fn...
Installing CURRENT-CROSSING-SET query-fn...
Installing FIXED-BEAM-CORRIDOR-CLEAR query-fn...
Installing FIXED-BEAM-CORRIDOR-CLEAR-FOR-OBJECT query-fn...
Installing COMPUTE-RELAY-LIGHTING query-fn...
Installing COMPUTE-RELAY-LIGHTING-FOR-OBJECT query-fn...
Installing BEAM-RELAY-SOURCE-DISTANCE query-fn...
Installing optional types...
Installing object types...
Installing static relations...
Installing ENERGIZED query-fn...
Installing CONTROL-ON query-fn...
Installing dynamic relations...
Installing RECORDING-PLATE-OCCUPIED query-fn...
Installing UPDATE-RECORDING-PLATE-STATUS! update-fn...
Installing dynamic relations...
Installing UPDATE-RECORDING-RECEIVER-STATUS! update-fn...
Installing dynamic relations...
Installing INITIALIZE-RECORDING-SWITCH-STATE! update-fn...
Installing RECORDING-CONTROLLER-ENERGIZED query-fn...
Installing RECORDING-CONTROL-ON query-fn...
Installing optional types...
Installing RECORDING-JAMMED query-fn...
Installing dynamic relations...
Installing RECORDING-SHADOW-GATE-OPEN query-fn...
Installing UPDATE-RECORDING-GATE-STATUS! update-fn...
Installing optional types...
Installing object types...
Installing dynamic relations...
Installing RECORDING-SHADOW-TURNING query-fn...
Installing UPDATE-RECORDING-BLOWER-STATUS! update-fn...
Installing MOBILITY-RESULTS query-fn...
Installing MOBILITY-LOCATIONS query-fn...
Installing TRAVERSABLE query-fn...
Installing RECORDING-AGENT-EMPTY-HANDED query-fn...
Installing RECORDER-CYCLE-ENDED query-fn...
Installing GHOST-STOPS-RECORDER query-fn...
Installing RECORDING-AGENT-CAN-CLOSE query-fn...
Installing RECORDING-AGENT-RETURN-ROUTE query-fn...
Installing RECORDING-AGENT-AT-RECORDER query-fn...
Installing RECORDER-CLOSED-GHOST-FREE query-fn...
Installing RECORDER-CYCLE-BOUNDARY-SAFE query-fn...
Installing optional types...
Installing CANCEL-PLAYBACK action...
Installing STOP-RECORDER action...
Installing optional types...
Installing UPDATE-GATE-STATUS! update-fn...
Creating initial propositional database...
Installing INITIALIZE-RECORDER-SWITCH-STATE init action...
Installing goal...
Initializing...
Installing TOGGLE-SWITCH action...
Installing START-RECORDER action...
Deriving propagation driver: UPDATE-RECORDING-PLATE-STATUS! UPDATE-RECORDING-GATE-STATUS! UPDATE-RECORDING-BLOWER-STATUS! UPDATE-GATE-STATUS! INITIALIZE-RECORDING-SWITCH-STATE!
Installing PROPAGATE-CONSEQUENCES! update-fn...
Optimizing lambda expressions and compiling...
  CANCEL-PLAYBACK...
  STOP-RECORDER...
  TOGGLE-SWITCH...
  START-RECORDER...
  REACHABLE...
  WALL-SEGMENT-RECORDS...
  EDGE-SEGMENT-RECORDS...
  GATE-SEGMENT-RECORDS...
  WINDOW-SEGMENT-RECORDS...
  SCREEN-SEGMENT-RECORDS...
  OBJECT-MANIPULATION-ALLOWED...
  SUPPORT-USE-ALLOWED...
  SUPPORT-OCCUPANCY-CONFLICT-P...
  CONNECTOR-PAIRING-ALLOWED...
  CONNECTOR-LOCATION-CONFLICT-P...
  SUPPORT-OCCUPIED...
  CLEARTOP...
  BASE...
  FIXED-BASE...
  LOCATION-ELEVATION...
  LOCATION-LEVEL...
  TOP...
  OBJECT-HEIGHT...
  REACHABILITY-COORDINATES-TARGET-POINTS...
  REACHABILITY-COORDINATES-SOLID-RECORDS...
  REACHABILITY-COORDINATES-GATE-RECORDS...
  REACHABILITY-COORDINATES-SCREEN-RECORDS...
  REACHABILITY-COORDINATES-AUTHORED...
  REACHABILITY-COORDINATES-EMITTABLE...
  REACHABILITY-COORDINATES-UNUSED-DISALLOWALS...
  RECORDING-SHADOW-OBJECT...
  RECORDING-SHADOW-OBJECT-PRESENT...
  RECORDING-SHADOW-TURNING...
  RECORDING-SHADOW-GATE-OPEN...
  GATE-OPEN-FOR-OBJECT...
  REACHABLE-CLEAR...
  WITHIN-AGENT-VERTICAL-REACH...
  WITHIN-AGENT-PLACEMENT-REACH...
  LIVE-RECORDING-OBJECT...
  GHOST-RECORDING-OBJECT...
  RECORDING-SHADOW-VIEW-OBJECT...
  SAME-RECORDING-SIDE...
  RECORDER-CYCLE-COUNT...
  BEAM-REACHES-RECEIVER...
  RECORDING-SHADOW-BEAM-REACHES-RECEIVER...
  BEAM-LIVE-FOR-CUTTING...
  DIRECT-BEAM-REACHES-RECEIVER...
  RELAY-BEAM-REACHES-RECEIVER...
  RECORDING-SHADOW-DIRECT-BEAM-REACHES-RECEIVER...
  RECORDING-SHADOW-RELAY-BEAM-REACHES-RECEIVER...
  DIRECT-BEAM-LIVE-FOR-CUTTING...
  RELAY-BEAM-LIVE-FOR-CUTTING...
  BEAM-CUT...
  BEAM-CUT-IN...
  CURRENT-CROSSING-SET...
  FIXED-BEAM-CORRIDOR-CLEAR...
  FIXED-BEAM-CORRIDOR-CLEAR-FOR-OBJECT...
  COMPUTE-RELAY-LIGHTING...
  COMPUTE-RELAY-LIGHTING-FOR-OBJECT...
  BEAM-RELAY-SOURCE-DISTANCE...
  ENERGIZED...
  CONTROL-ON...
  RECORDING-PLATE-OCCUPIED...
  RECORDING-CONTROLLER-ENERGIZED...
  RECORDING-CONTROL-ON...
  RECORDING-JAMMED...
  MOBILITY-RESULTS...
  MOBILITY-LOCATIONS...
  TRAVERSABLE...
  RECORDING-AGENT-EMPTY-HANDED...
  RECORDER-CYCLE-ENDED...
  GHOST-STOPS-RECORDER...
  RECORDING-AGENT-CAN-CLOSE...
  RECORDING-AGENT-RETURN-ROUTE...
  RECORDING-AGENT-AT-RECORDER...
  RECORDER-CLOSED-GHOST-FREE...
  RECORDER-CYCLE-BOUNDARY-SAFE...
  PROPAGATE-CHANGES!...
  PROPAGATE-CONSEQUENCES!...
  UPDATE-RECEIVER-STATUS!...
  UPDATE-RECORDING-PLATE-STATUS!...
  UPDATE-RECORDING-RECEIVER-STATUS!...
  INITIALIZE-RECORDING-SWITCH-STATE!...
  UPDATE-RECORDING-GATE-STATUS!...
  UPDATE-RECORDING-BLOWER-STATUS!...
  UPDATE-GATE-STATUS!...
  enum relation requires predicates...
  GOAL-FN...
Adding init-action propositions to initial database...
DERIVE-REACH-FROM-SEGMENTS...
INITIALIZE-RECORDER-SWITCH-STATE...


Current parameter settings:
  *PROBLEM-NAME* => RECORDER-SWITCH-TEST
  *PROBLEM-TYPE* => PLANNING
  *ALGORITHM* => DEPTH-FIRST
  *TREE-OR-GRAPH* => GRAPH
  *SOLUTION-TYPE* => MIN-LENGTH
  *DEPTH-CUTOFF* => 1
  *THREADS* => 0
  *RANDOMIZE-SEARCH* => NIL
  *DEBUG* => 0
  *PROBE* => NIL
  *GOAL* => (ALWAYS-TRUE)
  *SYMMETRY-PRUNING* => NIL
  *MAX-RECORDER-CYCLES* => 1
  *RECORDER-PREFIX-PRUNING* => NIL
  *PROGRESS-REPORTING-INTERVAL* => 100,000
  *BRANCH* TO EXPLORE => ALL
  HEURISTIC? => NIL
  EXOGENOUS HAPPENINGS => NIL
  BOUNDING FUNCTION? => NIL
  MIN STEPS REMAINING? => NIL


working...


Start state satisfies goal; recorded zero-action solution at depth = 0

In problem RECORDER-SWITCH-TEST, performed GRAPH search for MIN-LENGTH solution.

DEPTH-FIRST search process completed normally.

Depth cutoff = 1

Maximum depth explored = 0

Program cycles = 0

Total states processed = 1

Repeated states pruned = 0, ie, 0.0 percent

Average branching factor = 0.0


Candidate solution validation:
  Nominal goal paths checked = 1
  Accepted = 1
  Rejected = 0

Start state:
((HAS-LOCATION LIVE-AGENT SWITCH-SITE))

Goal:
(ALWAYS-TRUE)



Total solution paths recorded = 1, of which 1 is/are unique solution paths
Check *solution-paths* and *unique-solution-states* for solution records.

Number of steps in a minimum path length solution = 0

A minimum length solution path from start state to goal state:
(0.0 (START-STATE))
((HAS-LOCATION LIVE-AGENT SWITCH-SITE))



Setup phase:

Recording phase:
(START-RECORDER)
(STOP-RECORDER)

Playback phase:
Closure: synthesized.
Cycle metrics: depth 0, elapsed time 0.0, value change 0.0.
Complete solution totals: depth 0, elapsed time 0.0, value change 0.0.
Evaluation took:
  0.001 seconds of real time
  0.015625 seconds of total run time (0.000000 user, 0.015625 system)
  1600.00% CPU
  4,140,567 processor cycles
  5,081,456 bytes consed
  
RECORDER-SWITCH-TALOS-PASSED
Installing object types...
Installing dynamic relations...
Creating initial propositional database...
Installing CUTOFF-FIRST-STEP action...
Installing CUTOFF-LAST-STEP action...
Installing goal...
Initializing...
Optimizing lambda expressions and compiling...
  CUTOFF-FIRST-STEP...
  CUTOFF-LAST-STEP...
  enum relation requires predicates...
  GOAL-FN...


Current parameter settings:
  *PROBLEM-NAME* => CUTOFF-REPORTING-TEST
  *PROBLEM-TYPE* => PLANNING
  *ALGORITHM* => DEPTH-FIRST
  *TREE-OR-GRAPH* => GRAPH
  *SOLUTION-TYPE* => MIN-LENGTH
  *DEPTH-CUTOFF* => 2
  *THREADS* => 0
  *RANDOMIZE-SEARCH* => NIL
  *DEBUG* => 0
  *PROBE* => NIL
  *GOAL* => (CUTOFF-AT CUTOFF-END)
  *SYMMETRY-PRUNING* => NIL
  *PROGRESS-REPORTING-INTERVAL* => 100,000
  *BRANCH* TO EXPLORE => ALL
  HEURISTIC? => NIL
  EXOGENOUS HAPPENINGS => NIL
  BOUNDING FUNCTION? => NIL
  MIN STEPS REMAINING? => NIL



Current parameter settings:
  *PROBLEM-NAME* => CUTOFF-REPORTING-TEST
  *PROBLEM-TYPE* => PLANNING
  *ALGORITHM* => DEPTH-FIRST
  *TREE-OR-GRAPH* => GRAPH
  *SOLUTION-TYPE* => MIN-LENGTH
  *DEPTH-CUTOFF* => 2
  *THREADS* => 0
  *RANDOMIZE-SEARCH* => NIL
  *DEBUG* => 0
  *PROBE* => NIL
  *GOAL* => (CUTOFF-AT CUTOFF-END)
  *SYMMETRY-PRUNING* => NIL
  *PROGRESS-REPORTING-INTERVAL* => 100,000
  *BRANCH* TO EXPLORE => ALL
  HEURISTIC? => NIL
  EXOGENOUS HAPPENINGS => NIL
  BOUNDING FUNCTION? => NIL
  MIN STEPS REMAINING? => NIL

Installing goal...
working...



In problem CUTOFF-REPORTING-TEST, performed GRAPH search for MIN-LENGTH solution.

DEPTH-FIRST search process completed normally.

Depth cutoff = 1

Maximum depth explored = 1

Program cycles = 2

Total states processed = 2

Repeated states pruned = 0, ie, 0.0 percent

Depth-cutoff hits = 1, ie, 50.0 percent

Average branching factor = 0.5

Start state:
((CUTOFF-AT CUTOFF-START))

Goal:
(CUTOFF-AT CUTOFF-UNREACHABLE)

No solutions found.
Evaluation took:
  0.001 seconds of real time
  0.000000 seconds of total run time (0.000000 user, 0.000000 system)
  0.00% CPU
  3,598,833 processor cycles
  5,048,720 bytes consed
  
Installing goal...
working...



In problem CUTOFF-REPORTING-TEST, performed GRAPH search for MIN-LENGTH solution.

DEPTH-FIRST search process completed normally.

Depth cutoff = 2

Maximum depth explored = 2

Program cycles = 3

Total states processed = 3

Repeated states pruned = 0, ie, 0.0 percent

Depth-cutoff hits = 1, ie, 33.3 percent

Average branching factor = 0.7

Start state:
((CUTOFF-AT CUTOFF-START))

Goal:
(CUTOFF-AT CUTOFF-UNREACHABLE)

No solutions found.
Evaluation took:
  0.001 seconds of real time
  0.000000 seconds of total run time (0.000000 user, 0.000000 system)
  0.00% CPU
  3,634,362 processor cycles
  5,048,720 bytes consed
  
Installing goal...
working...



In problem CUTOFF-REPORTING-TEST, performed GRAPH search for MIN-LENGTH solution.

DEPTH-FIRST search process completed normally.

Depth cutoff = 3

Maximum depth explored = 2

Program cycles = 3

Total states processed = 3

Repeated states pruned = 0, ie, 0.0 percent

Average dead-end depth = 2

Average branching factor = 0.7

Start state:
((CUTOFF-AT CUTOFF-START))

Goal:
(CUTOFF-AT CUTOFF-UNREACHABLE)

No solutions found.
Evaluation took:
  0.001 seconds of real time
  0.000000 seconds of total run time (0.000000 user, 0.000000 system)
  0.00% CPU
  3,621,776 processor cycles
  5,081,488 bytes consed
  
Installing object types...
Installing dynamic relations...
Creating initial propositional database...
Installing CUTOFF-FIRST-STEP action...
Installing CUTOFF-LAST-STEP action...
Installing goal...
Initializing...
Optimizing lambda expressions and compiling...
  CUTOFF-FIRST-STEP...
  CUTOFF-LAST-STEP...
  enum relation requires predicates...
  GOAL-FN...


Current parameter settings:
  *PROBLEM-NAME* => CUTOFF-REPORTING-TEST
  *PROBLEM-TYPE* => PLANNING
  *ALGORITHM* => DEPTH-FIRST
  *TREE-OR-GRAPH* => GRAPH
  *SOLUTION-TYPE* => MIN-LENGTH
  *DEPTH-CUTOFF* => 3
  *THREADS* => 16
  *RANDOMIZE-SEARCH* => NIL
  *DEBUG* => 0
  *PROBE* => NIL
  *GOAL* => (CUTOFF-AT CUTOFF-UNREACHABLE)
  *SYMMETRY-PRUNING* => NIL
  *PROGRESS-REPORTING-INTERVAL* => 100,000
  *BRANCH* TO EXPLORE => ALL
  HEURISTIC? => NIL
  EXOGENOUS HAPPENINGS => NIL
  BOUNDING FUNCTION? => NIL
  MIN STEPS REMAINING? => NIL

  For parallel settings: (display-parallel-parameters)



Current parameter settings:
  *PROBLEM-NAME* => CUTOFF-REPORTING-TEST
  *PROBLEM-TYPE* => PLANNING
  *ALGORITHM* => DEPTH-FIRST
  *TREE-OR-GRAPH* => GRAPH
  *SOLUTION-TYPE* => MIN-LENGTH
  *DEPTH-CUTOFF* => 3
  *THREADS* => 16
  *RANDOMIZE-SEARCH* => NIL
  *DEBUG* => 0
  *PROBE* => NIL
  *GOAL* => (CUTOFF-AT CUTOFF-UNREACHABLE)
  *SYMMETRY-PRUNING* => NIL
  *PROGRESS-REPORTING-INTERVAL* => 100,000
  *BRANCH* TO EXPLORE => ALL
  HEURISTIC? => NIL
  EXOGENOUS HAPPENINGS => NIL
  BOUNDING FUNCTION? => NIL
  MIN STEPS REMAINING? => NIL

  For parallel settings: (display-parallel-parameters)

Installing goal...
working with 16 thread(s)...



========================================
Partitioned Parallel Search
========================================
  Threads: 16
  Mode: GRAPH / MIN-LENGTH
  Branch-and-bound: ENABLED
  Work donation: ENABLED
  Closed shards: 64
----------------------------------------

Generating tasks (split-depth-max=1)...
Generating tasks: target=256, safety-cap-depth=1
Generated 1 tasks at depths 0-1
Loading 1 tasks into queue...

Starting 16 workers...
All 16 workers completed.

Parallel Search Timing Breakdown:
  Task generation: 0 ms
  Worker search:   2 ms
  Finalization:    0 ms
  Total:           2 ms

  Search efficiency: 100.0%

Per-Worker Statistics:

  Worker  States     Cycles    Max-Depth  Solutions  Donated
  ------  ---------  ---------  ---------  ---------  --------
       0          0          0          0          0         0
       1          0          0          0          0         0
       2          0          0          0          0         0
       3          0          0          0          0         0
       4          0          0          0          0         0
       5          0          0          0          0         0
       6          0          0          0          0         0
       7          0          0          0          0         0
       8          0          0          0          0         0
       9          0          0          0          0         0
      10          0          0          0          0         0
      11          0          0          0          0         0
      12          0          0          0          0         0
      13          0          0          0          0         0
      14          0          0          0          0         0
      15          0          0          0          0         0


Closed Shard Distribution (64 shards):
  Total entries : 2
  Mean / shard  : 0.0
  Max / shard   : 1
  Min / shard   : 0
  Skew (max/min): INFINITE
  Top-5 shards  : #30(1) #37(1) #0(0) #1(0) #2(0)



In problem CUTOFF-REPORTING-TEST, performed GRAPH search for MIN-LENGTH solution.

DEPTH-FIRST search process completed normally.

Depth cutoff = 1

Maximum depth explored = 0

Program cycles = 0

Total states processed = 2

Repeated states pruned = 0, ie, 0.0 percent

Depth-cutoff hits = 1, ie, 50.0 percent

Average branching factor = 0.0

Start state:
((CUTOFF-AT CUTOFF-START))

Goal:
(CUTOFF-AT CUTOFF-UNREACHABLE)

No solutions found.
Evaluation took:
  0.047 seconds of real time
  0.046875 seconds of total run time (0.046875 user, 0.000000 system)
  [ Real times consist of 0.043 seconds GC time, and 0.004 seconds non-GC time. ]
  [ Run times consist of 0.046 seconds GC time, and 0.001 seconds non-GC time. ]
  100.00% CPU
  150,708,821 processor cycles
  15,078,640 bytes consed
  
Installing goal...
working with 16 thread(s)...



========================================
Partitioned Parallel Search
========================================
  Threads: 16
  Mode: GRAPH / MIN-LENGTH
  Branch-and-bound: ENABLED
  Work donation: ENABLED
  Closed shards: 64
----------------------------------------

Generating tasks (split-depth-max=1)...
Generating tasks: target=256, safety-cap-depth=1
Generated 1 tasks at depths 0-1
Loading 1 tasks into queue...

Starting 16 workers...
All 16 workers completed.

Parallel Search Timing Breakdown:
  Task generation: 0 ms
  Worker search:   1 ms
  Finalization:    0 ms
  Total:           1 ms

  Search efficiency: 100.0%

Per-Worker Statistics:

  Worker  States     Cycles    Max-Depth  Solutions  Donated
  ------  ---------  ---------  ---------  ---------  --------
       0          1          1          2          0         0
       1          0          0          0          0         0
       2          0          0          0          0         0
       3          0          0          0          0         0
       4          0          0          0          0         0
       5          0          0          0          0         0
       6          0          0          0          0         0
       7          0          0          0          0         0
       8          0          0          0          0         0
       9          0          0          0          0         0
      10          0          0          0          0         0
      11          0          0          0          0         0
      12          0          0          0          0         0
      13          0          0          0          0         0
      14          0          0          0          0         0
      15          0          0          0          0         0


Closed Shard Distribution (64 shards):
  Total entries : 3
  Mean / shard  : 0.0
  Max / shard   : 1
  Min / shard   : 0
  Skew (max/min): INFINITE
  Top-5 shards  : #22(1) #30(1) #37(1) #0(0) #1(0)



In problem CUTOFF-REPORTING-TEST, performed GRAPH search for MIN-LENGTH solution.

DEPTH-FIRST search process completed normally.

Depth cutoff = 2

Maximum depth explored = 2

Program cycles = 1

Total states processed = 3

Repeated states pruned = 0, ie, 0.0 percent

Depth-cutoff hits = 1, ie, 33.3 percent

Average branching factor = 0.0

Start state:
((CUTOFF-AT CUTOFF-START))

Goal:
(CUTOFF-AT CUTOFF-UNREACHABLE)

No solutions found.
Evaluation took:
  0.004 seconds of real time
  0.015625 seconds of total run time (0.015625 user, 0.000000 system)
  400.00% CPU
  14,687,769 processor cycles
  12,306,848 bytes consed
  
Installing goal...
working with 16 thread(s)...



========================================
Partitioned Parallel Search
========================================
  Threads: 16
  Mode: GRAPH / MIN-LENGTH
  Branch-and-bound: ENABLED
  Work donation: ENABLED
  Closed shards: 64
----------------------------------------

Generating tasks (split-depth-max=1)...
Generating tasks: target=256, safety-cap-depth=1
Generated 1 tasks at depths 0-1
Loading 1 tasks into queue...

Starting 16 workers...
All 16 workers completed.

Parallel Search Timing Breakdown:
  Task generation: 0 ms
  Worker search:   1 ms
  Finalization:    0 ms
  Total:           1 ms

  Search efficiency: 100.0%

Per-Worker Statistics:

  Worker  States     Cycles    Max-Depth  Solutions  Donated
  ------  ---------  ---------  ---------  ---------  --------
       0          1          2          2          0         0
       1          0          0          0          0         0
       2          0          0          0          0         0
       3          0          0          0          0         0
       4          0          0          0          0         0
       5          0          0          0          0         0
       6          0          0          0          0         0
       7          0          0          0          0         0
       8          0          0          0          0         0
       9          0          0          0          0         0
      10          0          0          0          0         0
      11          0          0          0          0         0
      12          0          0          0          0         0
      13          0          0          0          0         0
      14          0          0          0          0         0
      15          0          0          0          0         0


Closed Shard Distribution (64 shards):
  Total entries : 3
  Mean / shard  : 0.0
  Max / shard   : 1
  Min / shard   : 0
  Skew (max/min): INFINITE
  Top-5 shards  : #22(1) #30(1) #37(1) #0(0) #1(0)



In problem CUTOFF-REPORTING-TEST, performed GRAPH search for MIN-LENGTH solution.

DEPTH-FIRST search process completed normally.

Depth cutoff = 3

Maximum depth explored = 2

Program cycles = 2

Total states processed = 3

Repeated states pruned = 0, ie, 0.0 percent

Average dead-end depth = 2

Average branching factor = 0.0

Start state:
((CUTOFF-AT CUTOFF-START))

Goal:
(CUTOFF-AT CUTOFF-UNREACHABLE)

No solutions found.
Evaluation took:
  0.004 seconds of real time
  0.000000 seconds of total run time (0.000000 user, 0.000000 system)
  0.00% CPU
  14,890,113 processor cycles
  12,307,024 bytes consed
  
Installing goal...
working with 16 thread(s)...



========================================
Partitioned Parallel Search
========================================
  Threads: 16
  Mode: GRAPH / MIN-LENGTH
  Branch-and-bound: ENABLED
  Work donation: ENABLED
  Closed shards: 64
----------------------------------------

Generating tasks (split-depth-max=1)...
Generating tasks: target=256, safety-cap-depth=1
Generated 1 tasks at depths 0-1
Loading 1 tasks into queue...

Starting 16 workers...
All 16 workers completed.

Parallel Search Timing Breakdown:
  Task generation: 0 ms
  Worker search:   1 ms
  Finalization:    0 ms
  Total:           1 ms

  Search efficiency: 100.0%

Per-Worker Statistics:

  Worker  States     Cycles    Max-Depth  Solutions  Donated
  ------  ---------  ---------  ---------  ---------  --------
       0          0          0          0          0         0
       1          0          0          0          0         0
       2          0          0          0          0         0
       3          0          0          0          0         0
       4          0          0          0          0         0
       5          0          0          0          0         0
       6          0          0          0          0         0
       7          0          0          0          0         0
       8          0          0          0          0         0
       9          0          0          0          0         0
      10          0          0          0          0         0
      11          0          0          0          0         0
      12          0          0          0          0         0
      13          0          0          0          0         0
      14          0          0          0          0         0
      15          0          0          0          0         0


Closed Shard Distribution (64 shards):
  Total entries : 2
  Mean / shard  : 0.0
  Max / shard   : 1
  Min / shard   : 0
  Skew (max/min): INFINITE
  Top-5 shards  : #30(1) #37(1) #0(0) #1(0) #2(0)



In problem CUTOFF-REPORTING-TEST, performed GRAPH search for MIN-LENGTH solution.

DEPTH-FIRST search process completed normally.

Depth cutoff = 1

Maximum depth explored = 0

Program cycles = 0

Total states processed = 2

Repeated states pruned = 0, ie, 0.0 percent

Depth-cutoff hits = 1, ie, 50.0 percent

Average branching factor = 0.0

Start state:
((CUTOFF-AT CUTOFF-START))

Goal:
(CUTOFF-AT CUTOFF-UNREACHABLE)

No solutions found.
Evaluation took:
  0.004 seconds of real time
  0.000000 seconds of total run time (0.000000 user, 0.000000 system)
  0.00% CPU
  14,050,495 processor cycles
  12,272,448 bytes consed
  
Installing goal...
working with 16 thread(s)...



========================================
Partitioned Parallel Search
========================================
  Threads: 16
  Mode: GRAPH / MIN-LENGTH
  Branch-and-bound: ENABLED
  Work donation: ENABLED
  Closed shards: 64
----------------------------------------

Generating tasks (split-depth-max=1)...
Generating tasks: target=256, safety-cap-depth=1
Generated 1 tasks at depths 0-1
Loading 1 tasks into queue...

Starting 16 workers...
All 16 workers completed.

Parallel Search Timing Breakdown:
  Task generation: 0 ms
  Worker search:   1 ms
  Finalization:    0 ms
  Total:           1 ms

  Search efficiency: 100.0%

Per-Worker Statistics:

  Worker  States     Cycles    Max-Depth  Solutions  Donated
  ------  ---------  ---------  ---------  ---------  --------
       0          0          0          0          0         0
       1          0          0          0          0         0
       2          0          0          0          0         0
       3          0          0          0          0         0
       4          0          0          0          0         0
       5          0          0          0          0         0
       6          0          0          0          0         0
       7          0          0          0          0         0
       8          0          0          0          0         0
       9          0          0          0          0         0
      10          0          0          0          0         0
      11          0          0          0          0         0
      12          0          0          0          0         0
      13          0          0          0          0         0
      14          0          0          0          0         0
      15          0          0          0          0         0


Closed Shard Distribution (64 shards):
  Total entries : 2
  Mean / shard  : 0.0
  Max / shard   : 1
  Min / shard   : 0
  Skew (max/min): INFINITE
  Top-5 shards  : #30(1) #37(1) #0(0) #1(0) #2(0)



In problem CUTOFF-REPORTING-TEST, performed GRAPH search for MIN-LENGTH solution.

DEPTH-FIRST search process completed normally.

Depth cutoff = 1

Maximum depth explored = 0

Program cycles = 0

Total states processed = 2

Repeated states pruned = 0, ie, 0.0 percent

Depth-cutoff hits = 1, ie, 50.0 percent

Average branching factor = 0.0

Start state:
((CUTOFF-AT CUTOFF-START))

Goal:
(CUTOFF-AT CUTOFF-END)

No solutions found.
Evaluation took:
  0.004 seconds of real time
  0.015625 seconds of total run time (0.015625 user, 0.000000 system)
  400.00% CPU
  15,070,848 processor cycles
  12,273,696 bytes consed
  
Installing goal...
working with 16 thread(s)...



========================================
Partitioned Parallel Search
========================================
  Threads: 16
  Mode: GRAPH / MIN-LENGTH
  Branch-and-bound: ENABLED
  Work donation: ENABLED
  Closed shards: 64
----------------------------------------

Generating tasks (split-depth-max=1)...
Generating tasks: target=256, safety-cap-depth=1
Generated 1 tasks at depths 0-1
Loading 1 tasks into queue...

Starting 16 workers...
[Worker 0] New best bound: 2
All 16 workers completed.

Parallel Search Timing Breakdown:
  Task generation: 0 ms
  Worker search:   1 ms
  Finalization:    0 ms
  Total:           1 ms

  Search efficiency: 100.0%

Per-Worker Statistics:

  Worker  States     Cycles    Max-Depth  Solutions  Donated
  ------  ---------  ---------  ---------  ---------  --------
       0          1          1          2          1         0
       1          0          0          0          0         0
       2          0          0          0          0         0
       3          0          0          0          0         0
       4          0          0          0          0         0
       5          0          0          0          0         0
       6          0          0          0          0         0
       7          0          0          0          0         0
       8          0          0          0          0         0
       9          0          0          0          0         0
      10          0          0          0          0         0
      11          0          0          0          0         0
      12          0          0          0          0         0
      13          0          0          0          0         0
      14          0          0          0          0         0
      15          0          0          0          0         0


Closed Shard Distribution (64 shards):
  Total entries : 2
  Mean / shard  : 0.0
  Max / shard   : 1
  Min / shard   : 0
  Skew (max/min): INFINITE
  Top-5 shards  : #30(1) #37(1) #0(0) #1(0) #2(0)



In problem CUTOFF-REPORTING-TEST, performed GRAPH search for MIN-LENGTH solution.

DEPTH-FIRST search process completed normally.

Depth cutoff = 2

Maximum depth explored = 2

Program cycles = 1

Total states processed = 3

Repeated states pruned = 0, ie, 0.0 percent

Average branching factor = 0.0

Start state:
((CUTOFF-AT CUTOFF-START))

Goal:
(CUTOFF-AT CUTOFF-END)



Total solution paths recorded = 1, of which 1 is/are unique solution paths
Check *solution-paths* and *unique-solution-states* for solution records.

Number of steps in a minimum path length solution = 2

A minimum length solution path from start state to goal state:
(0.0 (START-STATE))
((CUTOFF-AT CUTOFF-START))

(1.0 (CUTOFF-FIRST-STEP))
((CUTOFF-AT CUTOFF-MIDDLE))

(2.0 (CUTOFF-LAST-STEP))
((CUTOFF-AT CUTOFF-END))


Evaluation took:
  0.004 seconds of real time
  0.000000 seconds of total run time (0.000000 user, 0.000000 system)
  0.00% CPU
  14,526,689 processor cycles
  12,315,776 bytes consed
  
CUTOFF-REPORTING-CHECKS PASSED: 55 assertions.
FOCUSED-TALOS-FIXES-PASSED
Cleaning up resources and shutting down threads...
Cleanup completed.
